******************************************************************************
                  TI ARM Linker PC v20.2.7                     
******************************************************************************
>> Linked Thu Mar 21 10:26:08 2024

OUTPUT FILE NAME:   <Milestone 1.out>
ENTRY POINT SYMBOL: "_c_int00_noargs"  address: 00002bf9


MEMORY CONFIGURATION

         name            origin    length      used     unused   attr    fill
----------------------  --------  ---------  --------  --------  ----  --------
  FLASH                 00000000   00040000  00003334  0003cccc  R  X
  SRAM                  20000000   00008000  000008d5  0000772b  RW X


SEGMENT ALLOCATION MAP

run origin  load origin   length   init length attrs members
----------  ----------- ---------- ----------- ----- -------
00000000    00000000    00003338   00003338    r-x
  00000000    00000000    0000026c   0000026c    r-- .intvecs
  0000026c    0000026c    00002bd0   00002bd0    r-x .text
  00002e3c    00002e3c    000004b0   000004b0    r-- .const
  000032f0    000032f0    00000048   00000048    r-- .cinit
20000000    20000000    000008dc   00000000    rw-
  20000000    20000000    0000026c   00000000    rw- .vtable
  2000026c    2000026c    00000355   00000000    rw- .bss
  200005c8    200005c8    00000200   00000000    rw- .stack
  200007c8    200007c8    00000100   00000000    rw- .sysmem
  200008c8    200008c8    00000014   00000000    rw- .data


SECTION ALLOCATION MAP

 output                                  attributes/
section   page    origin      length       input sections
--------  ----  ----------  ----------   ----------------
.intvecs   0    00000000    0000026c     
                  00000000    0000026c     tm4c123gh6pm_startup_ccs.obj (.intvecs)

.text      0    0000026c    00002bd0     
                  0000026c    00000c84     ustdlib.obj (.text)
                  00000ef0    00000950     OrbitOledGrph.obj (.text)
                  00001840    0000037c     OrbitOled.obj (.text)
                  00001bbc    00000204     OrbitOledChar.obj (.text)
                  00001dc0    000001c8     ADC_Display.obj (.text)
                  00001f88    0000016c     driverlib.lib : gpio.obj (.text:GPIOPadConfigSet)
                  000020f4    00000118                   : sysctl.obj (.text:SysCtlClockGet)
                  0000220c    00000100     rtsv7M4_T_le_v4SPD16_eabi.lib : memory.c.obj (.text:aligned_alloc)
                  0000230c    000000fa     circBufT.obj (.text)
                  00002406    00000002     rtsv7M4_T_le_v4SPD16_eabi.lib : _lock.c.obj (.text:_nop)
                  00002408    000000f4     driverlib.lib : sysctl.obj (.text:SysCtlClockSet)
                  000024fc    000000e4     rtsv7M4_T_le_v4SPD16_eabi.lib : memory.c.obj (.text:free)
                  000025e0    0000009c                                   : memcpy_t2.asm.obj (.text)
                  0000267c    0000007a     driverlib.lib : adc.obj (.text:ADCSequenceStepConfigure)
                  000026f6    0000007a     rtsv7M4_T_le_v4SPD16_eabi.lib : memset_t2.asm.obj (.text)
                  00002770    00000070                                   : memory.c.obj (.text:split)
                  000027e0    00000068     driverlib.lib : interrupt.obj (.text:IntEnable)
                  00002848    00000068     rtsv7M4_T_le_v4SPD16_eabi.lib : copy_decompress_lzss.c.obj (.text:decompress:lzss:__TI_decompress_lzss)
                  000028b0    00000060     driverlib.lib : timer.obj (.text:TimerConfigure)
                  00002910    0000005c     delay.obj (.text)
                  0000296c    00000050     driverlib.lib : adc.obj (.text:_ADCIntNumberGet)
                  000029bc    0000004c                   : adc.obj (.text:ADCSequenceConfigure)
                  00002a08    0000004c                   : gpio.obj (.text:GPIOPinConfigure)
                  00002a54    00000044     OrbitOLEDInterface.obj (.text)
                  00002a98    00000044     rtsv7M4_T_le_v4SPD16_eabi.lib : autoinit.c.obj (.text:__TI_auto_init_nobinit_nopinit:__TI_auto_init_nobinit_nopinit)
                  00002adc    00000040                                   : u_divt2.asm.obj (.text)
                  00002b1c    0000003c     driverlib.lib : ssi.obj (.text:SSIConfigSetExpClk)
                  00002b58    00000038     rtsv7M4_T_le_v4SPD16_eabi.lib : memory.c.obj (.text:calloc)
                  00002b90    00000034     driverlib.lib : interrupt.obj (.text:IntRegister)
                  00002bc4    00000034                   : sysctl.obj (.text:SysCtlPeripheralEnable)
                  00002bf8    00000034     rtsv7M4_T_le_v4SPD16_eabi.lib : boot_cortex_m.c.obj (.text:_c_int00_noargs:_c_int00_noargs)
                  00002c2c    0000002c     driverlib.lib : gpio.obj (.text:GPIODirModeSet)
                  00002c58    00000028     rtsv7M4_T_le_v4SPD16_eabi.lib : memory.c.obj (.text:free_list_insert)
                  00002c80    0000001e     driverlib.lib : adc.obj (.text:ADCSequenceDataGet)
                  00002c9e    00000002     rtsv7M4_T_le_v4SPD16_eabi.lib : div0.asm.obj (.text)
                  00002ca0    0000001c     driverlib.lib : systick.obj (.text:SysTickIntRegister)
                  00002cbc    0000001c     rtsv7M4_T_le_v4SPD16_eabi.lib : memory.c.obj (.text:free_list_remove)
                  00002cd8    0000001a     driverlib.lib : gpio.obj (.text:GPIOPinTypeGPIOOutput)
                  00002cf2    00000018                   : adc.obj (.text:ADCIntRegister)
                  00002d0a    00000018                   : adc.obj (.text:ADCProcessorTrigger)
                  00002d22    00000016                   : gpio.obj (.text:GPIOPinTypeSSI)
                  00002d38    00000014                   : systick.obj (.text:SysTickEnable)
                  00002d4c    00000014                   : systick.obj (.text:SysTickIntEnable)
                  00002d60    00000010                   : adc.obj (.text:ADCIntEnable)
                  00002d70    00000010                   : interrupt.obj (.text:IntMasterEnable)
                  00002d80    00000010                   : systick.obj (.text:SysTickPeriodSet)
                  00002d90    0000000e                   : adc.obj (.text:ADCSequenceEnable)
                  00002d9e    0000000e                   : timer.obj (.text:TimerEnable)
                  00002dac    0000000e     rtsv7M4_T_le_v4SPD16_eabi.lib : copy_decompress_none.c.obj (.text:decompress:none:__TI_decompress_none)
                  00002dba    0000000c     driverlib.lib : cpu.obj (.text:CPUcpsie)
                  00002dc6    0000000c                   : ssi.obj (.text:SSIDataGet)
                  00002dd2    0000000c     rtsv7M4_T_le_v4SPD16_eabi.lib : copy_zero_init.c.obj (.text:decompress:ZI:__TI_zero_init)
                  00002dde    0000000c     tm4c123gh6pm_startup_ccs.obj (.text)
                  00002dea    0000000a     driverlib.lib : adc.obj (.text:ADCIntClear)
                  00002df4    0000000a                   : ssi.obj (.text:SSIDataPut)
                  00002dfe    0000000a                   : ssi.obj (.text:SSIEnable)
                  00002e08    0000000a                   : timer.obj (.text:TimerValueGet)
                  00002e12    00000008                   : ssi.obj (.text:SSIBusy)
                  00002e1a    00000008     rtsv7M4_T_le_v4SPD16_eabi.lib : memory.c.obj (.text:malloc)
                  00002e22    00000006     driverlib.lib : gpio.obj (.text:GPIOPinWrite)
                  00002e28    00000006                   : ssi.obj (.text:SSIClockSourceSet)
                  00002e2e    00000006                   : sysctl.obj (.text:SysCtlDelay)
                  00002e34    00000004     rtsv7M4_T_le_v4SPD16_eabi.lib : pre_init.c.obj (.text:_system_pre_init)
                  00002e38    00000004                                   : exit.c.obj (.text:abort:abort)

.const     0    00002e3c    000004b0     
                  00002e3c    00000300     ChrFont0.obj (.const:.string:rgbOledFont0)
                  0000313c    00000090     driverlib.lib : gpio.obj (.const:g_pui32GPIOBaseAddrs)
                  000031cc    0000006c                   : sysctl.obj (.const:g_pui32Xtals)
                  00003238    00000040     FillPat.obj (.const:.string:rgbFillPat)
                  00003278    00000030     ustdlib.obj (.const:g_psDaysToMonth)
                  000032a8    00000018     ustdlib.obj (.const:g_pfExponents)
                  000032c0    00000014     driverlib.lib : interrupt.obj (.const:g_pui32EnRegs)
                  000032d4    00000012     ustdlib.obj (.const:.string)
                  000032e6    00000002     --HOLE-- [fill = 0]
                  000032e8    00000004     ustdlib.obj (.const)

.cinit     0    000032f0    00000048     
                  000032f0    00000010     (.cinit..data.load) [load image, compression = lzss]
                  00003300    0000000c     (__TI_handler_table)
                  0000330c    00000004     --HOLE-- [fill = 0]
                  00003310    00000008     (.cinit..bss.load) [load image, compression = zero_init]
                  00003318    00000008     (.cinit..vtable.load) [load image, compression = zero_init]
                  00003320    00000018     (__TI_cinit_table)

.init_array 
*          0    00000000    00000000     UNINITIALIZED

.vtable    0    20000000    0000026c     UNINITIALIZED
                  20000000    0000026c     driverlib.lib : interrupt.obj (.vtable)

.bss       0    2000026c    00000355     UNINITIALIZED
                  2000026c    00000200     (.common:rgbOledBmp)
                  2000046c    00000100     (.common:rgbOledFontUser)
                  2000056c    00000010     ADC_Display.obj (.bss:g_inBuffer)
                  2000057c    00000004     ADC_Display.obj (.bss)
                  20000580    00000004     (.common:bnOledCur)
                  20000584    00000004     (.common:dxcoOledFontCur)
                  20000588    00000004     (.common:dycoOledFontCur)
                  2000058c    00000004     (.common:fOledCharUpdate)
                  20000590    00000004     (.common:modOledCur)
                  20000594    00000004     (.common:pbOledCur)
                  20000598    00000004     (.common:pbOledFontCur)
                  2000059c    00000004     (.common:pbOledFontUser)
                  200005a0    00000004     (.common:pbOledPatCur)
                  200005a4    00000004     (.common:pfnDoRop)
                  200005a8    00000004     (.common:xchOledCur)
                  200005ac    00000004     (.common:xchOledMax)
                  200005b0    00000004     (.common:xcoOledCur)
                  200005b4    00000004     (.common:ychOledCur)
                  200005b8    00000004     (.common:ychOledMax)
                  200005bc    00000004     (.common:ycoOledCur)
                  200005c0    00000001     (.common:clrOledCur)

.stack     0    200005c8    00000200     UNINITIALIZED
                  200005c8    00000004     rtsv7M4_T_le_v4SPD16_eabi.lib : boot_cortex_m.c.obj (.stack)
                  200005cc    000001fc     --HOLE--

.sysmem    0    200007c8    00000100     UNINITIALIZED
                  200007c8    00000010     rtsv7M4_T_le_v4SPD16_eabi.lib : memory.c.obj (.sysmem)
                  200007d8    000000f0     --HOLE--

.data      0    200008c8    00000014     UNINITIALIZED
                  200008c8    00000008     rtsv7M4_T_le_v4SPD16_eabi.lib : _lock.c.obj (.data:$O1$$)
                  200008d0    00000008                                   : memory.c.obj (.data:$O1$$)
                  200008d8    00000004     ustdlib.obj (.data)

__llvm_prf_cnts 
*          0    20000000    00000000     UNINITIALIZED

MODULE SUMMARY

       Module                         code    ro data   rw data
       ------                         ----    -------   -------
    .\
       ustdlib.obj                    3204    94        4      
       tm4c123gh6pm_startup_ccs.obj   12      620       0      
       ADC_Display.obj                456     0         20     
       circBufT.obj                   250     0         0      
    +--+------------------------------+-------+---------+---------+
       Total:                         3922    714       24     
                                                               
    .\OrbitOLED\
       OrbitOLEDInterface.obj         68      0         0      
    +--+------------------------------+-------+---------+---------+
       Total:                         68      0         0      
                                                               
    .\OrbitOLED\lib_OrbitOled\
       OrbitOledGrph.obj              2384    0         8      
       OrbitOled.obj                  892     0         553    
       OrbitOledChar.obj              516     0         272    
       ChrFont0.obj                   0       768       0      
       delay.obj                      92      0         0      
       FillPat.obj                    0       64        0      
    +--+------------------------------+-------+---------+---------+
       Total:                         3884    832       833    
                                                               
    C:/ti/TivaWare_C_Series-2.2.0.295/driverlib/ccs/Debug/driverlib.lib
       interrupt.obj                  172     20        620    
       sysctl.obj                     582     108       0      
       gpio.obj                       538     144       0      
       adc.obj                        396     0         0      
       timer.obj                      120     0         0      
       ssi.obj                        106     0         0      
       systick.obj                    84      0         0      
       cpu.obj                        12      0         0      
    +--+------------------------------+-------+---------+---------+
       Total:                         2010    272       620    
                                                               
    C:\ti\ccs1250\ccs\tools\compiler\ti-cgt-arm_20.2.7.LTS\lib\rtsv7M4_T_le_v4SPD16_eabi.lib
       memory.c.obj                   728     0         8      
       memcpy_t2.asm.obj              156     0         0      
       memset_t2.asm.obj              122     0         0      
       copy_decompress_lzss.c.obj     104     0         0      
       autoinit.c.obj                 68      0         0      
       u_divt2.asm.obj                64      0         0      
       boot_cortex_m.c.obj            52      0         0      
       copy_decompress_none.c.obj     14      0         0      
       copy_zero_init.c.obj           12      0         0      
       _lock.c.obj                    2       0         8      
       exit.c.obj                     4       0         0      
       pre_init.c.obj                 4       0         0      
       div0.asm.obj                   2       0         0      
    +--+------------------------------+-------+---------+---------+
       Total:                         1332    0         16     
                                                               
       Heap:                          0       0         256    
       Stack:                         0       0         512    
       Linker Generated:              0       68        0      
    +--+------------------------------+-------+---------+---------+
       Grand Total:                   11216   1886      2261   


LINKER GENERATED COPY TABLES

__TI_cinit_table @ 00003320 records: 3, size/record: 8, table size: 24
	.data: load addr=000032f0, load size=00000010 bytes, run addr=200008c8, run size=00000014 bytes, compression=lzss
	.bss: load addr=00003310, load size=00000008 bytes, run addr=2000026c, run size=00000355 bytes, compression=zero_init
	.vtable: load addr=00003318, load size=00000008 bytes, run addr=20000000, run size=0000026c bytes, compression=zero_init


LINKER GENERATED HANDLER TABLE

__TI_handler_table @ 00003300 records: 3, size/record: 4, table size: 12
	index: 0, handler: __TI_zero_init
	index: 1, handler: __TI_decompress_lzss
	index: 2, handler: __TI_decompress_none


GLOBAL SYMBOLS: SORTED ALPHABETICALLY BY Name 

address   name                          
-------   ----                          
00002deb  ADCIntClear                   
00002d61  ADCIntEnable                  
00001dd5  ADCIntHandler                 
00002cf3  ADCIntRegister                
00002d0b  ADCProcessorTrigger           
000029bd  ADCSequenceConfigure          
00002c81  ADCSequenceDataGet            
00002d91  ADCSequenceEnable             
0000267d  ADCSequenceStepConfigure      
00002e39  C$$EXIT                       
00002dbb  CPUcpsie                      
00002911  DelayInit                     
0000292b  DelayMs                       
00002c2d  GPIODirModeSet                
00001f89  GPIOPadConfigSet              
00002a09  GPIOPinConfigure              
00002cd9  GPIOPinTypeGPIOOutput         
00002d23  GPIOPinTypeSSI                
00002e23  GPIOPinWrite                  
000027e1  IntEnable                     
00002d71  IntMasterEnable               
00002b91  IntRegister                   
00002a7b  OLEDInitialise                
00002a55  OLEDStringDraw                
00001d55  OrbitOledAdvanceCursor        
000017e1  OrbitOledClampXco             
00001801  OrbitOledClampYco             
00001a1d  OrbitOledClear                
00001a29  OrbitOledClearBuffer          
00001c25  OrbitOledDefUserChar          
00001999  OrbitOledDevInit              
00001623  OrbitOledDrawChar             
00001cdd  OrbitOledDrawGlyph            
00000fe7  OrbitOledDrawPixel            
0000112d  OrbitOledDrawRect             
00001683  OrbitOledDrawString           
0000191f  OrbitOledDvrInit              
000011b1  OrbitOledFillRect             
000012f5  OrbitOledGetBmp               
00001c8d  OrbitOledGetCharUpdate        
00001c09  OrbitOledGetCursor            
00000fe1  OrbitOledGetDrawMode          
00001013  OrbitOledGetPixel             
00000f37  OrbitOledGetPos               
00000f6b  OrbitOledGetStdPattern        
00001855  OrbitOledHostInit             
00001841  OrbitOledInit                 
0000102d  OrbitOledLineTo               
00001779  OrbitOledMoveDown             
000017af  OrbitOledMoveLeft             
000017c7  OrbitOledMoveRight            
00000ef1  OrbitOledMoveTo               
00001741  OrbitOledMoveUp               
00001455  OrbitOledPutBmp               
00001ab3  OrbitOledPutBuffer            
00001c93  OrbitOledPutChar              
00001cb1  OrbitOledPutString            
000016ef  OrbitOledRopAnd               
000016cb  OrbitOledRopOr                
000016a1  OrbitOledRopSet               
00001713  OrbitOledRopXor               
00001c75  OrbitOledSetCharUpdate        
00001bbd  OrbitOledSetCursor            
00000f53  OrbitOledSetDrawColor         
00000f8d  OrbitOledSetDrawMode          
00000f7d  OrbitOledSetFillPattern       
00001a59  OrbitOledUpdate               
00002ddf  ResetISR                      
00002e13  SSIBusy                       
00002e29  SSIClockSourceSet             
00002b1d  SSIConfigSetExpClk            
00002dc7  SSIDataGet                    
00002df5  SSIDataPut                    
00002dff  SSIEnable                     
00001b19  Ssi3PutByte                   
000020f5  SysCtlClockGet                
00002409  SysCtlClockSet                
00002e2f  SysCtlDelay                   
00002bc5  SysCtlPeripheralEnable        
00002d39  SysTickEnable                 
00002d4d  SysTickIntEnable              
00001dc1  SysTickIntHandler             
00002ca1  SysTickIntRegister            
00002d81  SysTickPeriodSet              
000028b1  TimerConfigure                
00002d9f  TimerEnable                   
00002e09  TimerValueGet                 
200007c8  __STACK_END                   
00000200  __STACK_SIZE                  
200007c8  __STACK_TOP                   
00000100  __SYSMEM_SIZE                 
00003320  __TI_CINIT_Base               
00003338  __TI_CINIT_Limit              
00003300  __TI_Handler_Table_Base       
0000330c  __TI_Handler_Table_Limit      
00002a99  __TI_auto_init_nobinit_nopinit
00002849  __TI_decompress_lzss          
00002dad  __TI_decompress_none          
ffffffff  __TI_pprof_out_hndl           
ffffffff  __TI_prof_data_size           
ffffffff  __TI_prof_data_start          
00000000  __TI_static_base__            
00002dd3  __TI_zero_init                
00002c9f  __aeabi_idiv0                 
00002c9f  __aeabi_ldiv0                 
000026f7  __aeabi_memclr                
000026f7  __aeabi_memclr4               
000026f7  __aeabi_memclr8               
000025e1  __aeabi_memcpy                
000025e1  __aeabi_memcpy4               
000025e1  __aeabi_memcpy8               
000026f9  __aeabi_memset                
000026f9  __aeabi_memset4               
000026f9  __aeabi_memset8               
00002add  __aeabi_uidiv                 
00002add  __aeabi_uidivmod              
ffffffff  __binit__                     
ffffffff  __c_args__                    
UNDEFED   __mpu_init                    
200005c8  __stack                       
20000000  __start___llvm_prf_cnts       
20000000  __stop___llvm_prf_cnts        
00002bf9  _c_int00_noargs               
200008c8  _lock                         
00002407  _nop                          
200007c8  _sys_memory                   
UNDEFED   _system_post_cinit            
00002e35  _system_pre_init              
200008cc  _unlock                       
00002e39  abort                         
0000220d  aligned_alloc                 
ffffffff  binit                         
20000580  bnOledCur                     
00002b59  calloc                        
200005c0  clrOledCur                    
00001e5d  displayMeanVal                
20000584  dxcoOledFontCur               
20000588  dycoOledFontCur               
2000058c  fOledCharUpdate               
000024fd  free                          
0000239f  freeCircBuf                   
20000000  g_pfnRAMVectors               
00000000  g_pfnVectors                  
00001e19  initADC                       
0000230d  initCircBuf                   
00001df3  initClock                     
00001e55  initDisplay                   
000023c5  loopCircBuf                   
00001ebf  main                          
00002e1b  malloc                        
0000220d  memalign                      
000025e1  memcpy                        
000026ff  memset                        
20000590  modOledCur                    
20000594  pbOledCur                     
20000598  pbOledFontCur                 
2000059c  pbOledFontUser                
200005a0  pbOledPatCur                  
200005a4  pfnDoRop                      
0000236b  readCircBuf                   
00003238  rgbFillPat                    
2000026c  rgbOledBmp                    
00002e3c  rgbOledFont0                  
2000046c  rgbOledFontUser               
00000751  ulocaltime                    
0000094f  umktime                       
00000ec9  urand                         
00000721  usnprintf                     
000006ef  usprintf                      
00000eb9  usrand                        
00000e31  ustrcasecmp                   
00000ea5  ustrcmp                       
00000d35  ustrlen                       
00000d8d  ustrncasecmp                  
00000e45  ustrncmp                      
0000026d  ustrncpy                      
00000d57  ustrstr                       
00000afd  ustrtof                       
000009c5  ustrtoul                      
000002c5  uvsnprintf                    
00002337  writeCircBuf                  
200005a8  xchOledCur                    
200005ac  xchOledMax                    
200005b0  xcoOledCur                    
200005b4  ychOledCur                    
200005b8  ychOledMax                    
200005bc  ycoOledCur                    


GLOBAL SYMBOLS: SORTED BY Symbol Address 

address   name                          
-------   ----                          
00000000  __TI_static_base__            
00000000  g_pfnVectors                  
00000100  __SYSMEM_SIZE                 
00000200  __STACK_SIZE                  
0000026d  ustrncpy                      
000002c5  uvsnprintf                    
000006ef  usprintf                      
00000721  usnprintf                     
00000751  ulocaltime                    
0000094f  umktime                       
000009c5  ustrtoul                      
00000afd  ustrtof                       
00000d35  ustrlen                       
00000d57  ustrstr                       
00000d8d  ustrncasecmp                  
00000e31  ustrcasecmp                   
00000e45  ustrncmp                      
00000ea5  ustrcmp                       
00000eb9  usrand                        
00000ec9  urand                         
00000ef1  OrbitOledMoveTo               
00000f37  OrbitOledGetPos               
00000f53  OrbitOledSetDrawColor         
00000f6b  OrbitOledGetStdPattern        
00000f7d  OrbitOledSetFillPattern       
00000f8d  OrbitOledSetDrawMode          
00000fe1  OrbitOledGetDrawMode          
00000fe7  OrbitOledDrawPixel            
00001013  OrbitOledGetPixel             
0000102d  OrbitOledLineTo               
0000112d  OrbitOledDrawRect             
000011b1  OrbitOledFillRect             
000012f5  OrbitOledGetBmp               
00001455  OrbitOledPutBmp               
00001623  OrbitOledDrawChar             
00001683  OrbitOledDrawString           
000016a1  OrbitOledRopSet               
000016cb  OrbitOledRopOr                
000016ef  OrbitOledRopAnd               
00001713  OrbitOledRopXor               
00001741  OrbitOledMoveUp               
00001779  OrbitOledMoveDown             
000017af  OrbitOledMoveLeft             
000017c7  OrbitOledMoveRight            
000017e1  OrbitOledClampXco             
00001801  OrbitOledClampYco             
00001841  OrbitOledInit                 
00001855  OrbitOledHostInit             
0000191f  OrbitOledDvrInit              
00001999  OrbitOledDevInit              
00001a1d  OrbitOledClear                
00001a29  OrbitOledClearBuffer          
00001a59  OrbitOledUpdate               
00001ab3  OrbitOledPutBuffer            
00001b19  Ssi3PutByte                   
00001bbd  OrbitOledSetCursor            
00001c09  OrbitOledGetCursor            
00001c25  OrbitOledDefUserChar          
00001c75  OrbitOledSetCharUpdate        
00001c8d  OrbitOledGetCharUpdate        
00001c93  OrbitOledPutChar              
00001cb1  OrbitOledPutString            
00001cdd  OrbitOledDrawGlyph            
00001d55  OrbitOledAdvanceCursor        
00001dc1  SysTickIntHandler             
00001dd5  ADCIntHandler                 
00001df3  initClock                     
00001e19  initADC                       
00001e55  initDisplay                   
00001e5d  displayMeanVal                
00001ebf  main                          
00001f89  GPIOPadConfigSet              
000020f5  SysCtlClockGet                
0000220d  aligned_alloc                 
0000220d  memalign                      
0000230d  initCircBuf                   
00002337  writeCircBuf                  
0000236b  readCircBuf                   
0000239f  freeCircBuf                   
000023c5  loopCircBuf                   
00002407  _nop                          
00002409  SysCtlClockSet                
000024fd  free                          
000025e1  __aeabi_memcpy                
000025e1  __aeabi_memcpy4               
000025e1  __aeabi_memcpy8               
000025e1  memcpy                        
0000267d  ADCSequenceStepConfigure      
000026f7  __aeabi_memclr                
000026f7  __aeabi_memclr4               
000026f7  __aeabi_memclr8               
000026f9  __aeabi_memset                
000026f9  __aeabi_memset4               
000026f9  __aeabi_memset8               
000026ff  memset                        
000027e1  IntEnable                     
00002849  __TI_decompress_lzss          
000028b1  TimerConfigure                
00002911  DelayInit                     
0000292b  DelayMs                       
000029bd  ADCSequenceConfigure          
00002a09  GPIOPinConfigure              
00002a55  OLEDStringDraw                
00002a7b  OLEDInitialise                
00002a99  __TI_auto_init_nobinit_nopinit
00002add  __aeabi_uidiv                 
00002add  __aeabi_uidivmod              
00002b1d  SSIConfigSetExpClk            
00002b59  calloc                        
00002b91  IntRegister                   
00002bc5  SysCtlPeripheralEnable        
00002bf9  _c_int00_noargs               
00002c2d  GPIODirModeSet                
00002c81  ADCSequenceDataGet            
00002c9f  __aeabi_idiv0                 
00002c9f  __aeabi_ldiv0                 
00002ca1  SysTickIntRegister            
00002cd9  GPIOPinTypeGPIOOutput         
00002cf3  ADCIntRegister                
00002d0b  ADCProcessorTrigger           
00002d23  GPIOPinTypeSSI                
00002d39  SysTickEnable                 
00002d4d  SysTickIntEnable              
00002d61  ADCIntEnable                  
00002d71  IntMasterEnable               
00002d81  SysTickPeriodSet              
00002d91  ADCSequenceEnable             
00002d9f  TimerEnable                   
00002dad  __TI_decompress_none          
00002dbb  CPUcpsie                      
00002dc7  SSIDataGet                    
00002dd3  __TI_zero_init                
00002ddf  ResetISR                      
00002deb  ADCIntClear                   
00002df5  SSIDataPut                    
00002dff  SSIEnable                     
00002e09  TimerValueGet                 
00002e13  SSIBusy                       
00002e1b  malloc                        
00002e23  GPIOPinWrite                  
00002e29  SSIClockSourceSet             
00002e2f  SysCtlDelay                   
00002e35  _system_pre_init              
00002e39  C$$EXIT                       
00002e39  abort                         
00002e3c  rgbOledFont0                  
00003238  rgbFillPat                    
00003300  __TI_Handler_Table_Base       
0000330c  __TI_Handler_Table_Limit      
00003320  __TI_CINIT_Base               
00003338  __TI_CINIT_Limit              
20000000  __start___llvm_prf_cnts       
20000000  __stop___llvm_prf_cnts        
20000000  g_pfnRAMVectors               
2000026c  rgbOledBmp                    
2000046c  rgbOledFontUser               
20000580  bnOledCur                     
20000584  dxcoOledFontCur               
20000588  dycoOledFontCur               
2000058c  fOledCharUpdate               
20000590  modOledCur                    
20000594  pbOledCur                     
20000598  pbOledFontCur                 
2000059c  pbOledFontUser                
200005a0  pbOledPatCur                  
200005a4  pfnDoRop                      
200005a8  xchOledCur                    
200005ac  xchOledMax                    
200005b0  xcoOledCur                    
200005b4  ychOledCur                    
200005b8  ychOledMax                    
200005bc  ycoOledCur                    
200005c0  clrOledCur                    
200005c8  __stack                       
200007c8  __STACK_END                   
200007c8  __STACK_TOP                   
200007c8  _sys_memory                   
200008c8  _lock                         
200008cc  _unlock                       
ffffffff  __TI_pprof_out_hndl           
ffffffff  __TI_prof_data_size           
ffffffff  __TI_prof_data_start          
ffffffff  __binit__                     
ffffffff  __c_args__                    
ffffffff  binit                         
UNDEFED   __mpu_init                    
UNDEFED   _system_post_cinit            

[187 symbols]
